16:15:41 **** Incremental Build of configuration Debug for project 04_Real_Adc_Value ****
make -j12 all 
arm-none-eabi-gcc "../Core/Src/main.c" -mcpu=cortex-m4 -std=gnu11 -g3 -DDEBUG -DUSE_HAL_DRIVER -DSTM32F407xx -c -I../Core/Inc -I../Drivers/STM32F4xx_HAL_Driver/Inc -I../Drivers/STM32F4xx_HAL_Driver/Inc/Legacy -I../Drivers/CMSIS/Device/ST/STM32F4xx/Include -I../Drivers/CMSIS/Include -O0 -ffunction-sections -fdata-sections -Wall -fstack-usage -fcyclomatic-complexity -MMD -MP -MF"Core/Src/main.d" -MT"Core/Src/main.o" --specs=nano.specs -mfpu=fpv4-sp-d16 -mfloat-abi=hard -mthumb -o "Core/Src/main.o"
arm-none-eabi-gcc -o "04_Real_Adc_Value.elf" @"objects.list"   -mcpu=cortex-m4 -T"C:\Users\User\STM32CubeIDE\workspace_1.12.1\04_Real_Adc_Value\STM32F407VGTX_FLASH.ld" --specs=nosys.specs -Wl,-Map="04_Real_Adc_Value.map" -Wl,--gc-sections -static --specs=nano.specs -mfpu=fpv4-sp-d16 -mfloat-abi=hard -mthumb -Wl,--start-group -lc -lm -Wl,--end-group
Finished building target: 04_Real_Adc_Value.elf
 
arm-none-eabi-size   04_Real_Adc_Value.elf 
arm-none-eabi-objdump -h -S  04_Real_Adc_Value.elf  > "04_Real_Adc_Value.list"
   text	   data	    bss	    dec	    hex	filename
   7284	     20	   1644	   8948	   22f4	04_Real_Adc_Value.elf
Finished building: default.size.stdout
 
Finished building: 04_Real_Adc_Value.list
 

16:15:42 Build Finished. 0 errors, 0 warnings. (took 822ms)

