14:45:57 **** Incremental Build of configuration Debug for project 05_multi_adc_interrupt ****
make -j12 all 
arm-none-eabi-gcc "../Core/Src/main.c" -mcpu=cortex-m4 -std=gnu11 -g3 -DDEBUG -DUSE_HAL_DRIVER -DSTM32F407xx -c -I../Core/Inc -I../Drivers/STM32F4xx_HAL_Driver/Inc -I../Drivers/STM32F4xx_HAL_Driver/Inc/Legacy -I../Drivers/CMSIS/Device/ST/STM32F4xx/Include -I../Drivers/CMSIS/Include -O0 -ffunction-sections -fdata-sections -Wall -fstack-usage -fcyclomatic-complexity -MMD -MP -MF"Core/Src/main.d" -MT"Core/Src/main.o" --specs=nano.specs -mfpu=fpv4-sp-d16 -mfloat-abi=hard -mthumb -o "Core/Src/main.o"
arm-none-eabi-gcc -o "05_multi_adc_interrupt.elf" @"objects.list"   -mcpu=cortex-m4 -T"C:\Users\User\STM32CubeIDE\workspace_1.12.1\05_multi_adc_interrupt\STM32F407VGTX_FLASH.ld" --specs=nosys.specs -Wl,-Map="05_multi_adc_interrupt.map" -Wl,--gc-sections -static --specs=nano.specs -mfpu=fpv4-sp-d16 -mfloat-abi=hard -mthumb -Wl,--start-group -lc -lm -Wl,--end-group
Finished building target: 05_multi_adc_interrupt.elf
 
arm-none-eabi-size   05_multi_adc_interrupt.elf 
arm-none-eabi-objdump -h -S  05_multi_adc_interrupt.elf  > "05_multi_adc_interrupt.list"
   text	   data	    bss	    dec	    hex	filename
   9004	     20	   1732	  10756	   2a04	05_multi_adc_interrupt.elf
Finished building: default.size.stdout
 
Finished building: 05_multi_adc_interrupt.list
 

14:45:58 Build Finished. 0 errors, 0 warnings. (took 884ms)

