18:00:51 **** Incremental Build of configuration Debug for project 09_timer_internal_trigger_inputs ****
make -j12 all 
arm-none-eabi-gcc "../Core/Src/main.c" -mcpu=cortex-m4 -std=gnu11 -g3 -DDEBUG -DUSE_HAL_DRIVER -DSTM32F407xx -c -I../Core/Inc -I../Drivers/STM32F4xx_HAL_Driver/Inc -I../Drivers/STM32F4xx_HAL_Driver/Inc/Legacy -I../Drivers/CMSIS/Device/ST/STM32F4xx/Include -I../Drivers/CMSIS/Include -O0 -ffunction-sections -fdata-sections -Wall -fstack-usage -fcyclomatic-complexity -MMD -MP -MF"Core/Src/main.d" -MT"Core/Src/main.o" --specs=nano.specs -mfpu=fpv4-sp-d16 -mfloat-abi=hard -mthumb -o "Core/Src/main.o"
arm-none-eabi-gcc -o "09_timer_internal_trigger_inputs.elf" @"objects.list"   -mcpu=cortex-m4 -T"C:\Users\User\STM32CubeIDE\workspace_1.12.1\09_timer_internal_trigger_inputs\STM32F407VGTX_FLASH.ld" --specs=nosys.specs -Wl,-Map="09_timer_internal_trigger_inputs.map" -Wl,--gc-sections -static --specs=nano.specs -mfpu=fpv4-sp-d16 -mfloat-abi=hard -mthumb -Wl,--start-group -lc -lm -Wl,--end-group
Finished building target: 09_timer_internal_trigger_inputs.elf
 
arm-none-eabi-size   09_timer_internal_trigger_inputs.elf 
arm-none-eabi-objdump -h -S  09_timer_internal_trigger_inputs.elf  > "09_timer_internal_trigger_inputs.list"
   text	   data	    bss	    dec	    hex	filename
   7412	     20	   1716	   9148	   23bc	09_timer_internal_trigger_inputs.elf
Finished building: default.size.stdout
 
Finished building: 09_timer_internal_trigger_inputs.list
 

18:00:52 Build Finished. 0 errors, 0 warnings. (took 1s.237ms)

