18:03:52 **** Incremental Build of configuration Debug for project dht11_train ****
make -j12 all 
arm-none-eabi-gcc "../Core/Src/main.c" -mcpu=cortex-m4 -std=gnu11 -g3 -DDEBUG -DUSE_HAL_DRIVER -DSTM32F407xx -c -I../Core/Inc -I../Drivers/STM32F4xx_HAL_Driver/Inc -I../Drivers/STM32F4xx_HAL_Driver/Inc/Legacy -I../Drivers/CMSIS/Device/ST/STM32F4xx/Include -I../Drivers/CMSIS/Include -O0 -ffunction-sections -fdata-sections -Wall -fstack-usage -fcyclomatic-complexity -MMD -MP -MF"Core/Src/main.d" -MT"Core/Src/main.o" --specs=nano.specs -mfpu=fpv4-sp-d16 -mfloat-abi=hard -mthumb -o "Core/Src/main.o"
arm-none-eabi-gcc -o "dht11_train.elf" @"objects.list"   -mcpu=cortex-m4 -T"C:\Users\User\STM32CubeIDE\workspace_1.12.1\dht11_train\STM32F407VGTX_FLASH.ld" --specs=nosys.specs -Wl,-Map="dht11_train.map" -Wl,--gc-sections -static --specs=nano.specs -mfpu=fpv4-sp-d16 -mfloat-abi=hard -mthumb -Wl,--start-group -lc -lm -Wl,--end-group
Finished building target: dht11_train.elf
 
arm-none-eabi-size   dht11_train.elf 
arm-none-eabi-objdump -h -S  dht11_train.elf  > "dht11_train.list"
   text	   data	    bss	    dec	    hex	filename
  14160	    120	   1864	  16144	   3f10	dht11_train.elf
Finished building: default.size.stdout
 
Finished building: dht11_train.list
 

18:03:53 Build Finished. 0 errors, 0 warnings. (took 851ms)

