01:32:36 **** Incremental Build of configuration Debug for project ESP_DATA ****
make -j12 all 
arm-none-eabi-gcc "../Core/Src/UartRingbuffer.c" -mcpu=cortex-m4 -std=gnu11 -g3 -DDEBUG -DUSE_HAL_DRIVER -DSTM32F407xx -c -I../Core/Inc -I../Drivers/STM32F4xx_HAL_Driver/Inc -I../Drivers/STM32F4xx_HAL_Driver/Inc/Legacy -I../Drivers/CMSIS/Device/ST/STM32F4xx/Include -I../Drivers/CMSIS/Include -O0 -ffunction-sections -fdata-sections -Wall -fstack-usage -fcyclomatic-complexity -MMD -MP -MF"Core/Src/UartRingbuffer.d" -MT"Core/Src/UartRingbuffer.o" --specs=nano.specs -mfpu=fpv4-sp-d16 -mfloat-abi=hard -mthumb -o "Core/Src/UartRingbuffer.o"
arm-none-eabi-gcc -o "ESP_DATA.elf" @"objects.list"   -mcpu=cortex-m4 -T"C:\Users\User\STM32CubeIDE\workspace_1.12.1\ESP_DATA\STM32F407VGTX_FLASH.ld" --specs=nosys.specs -Wl,-Map="ESP_DATA.map" -Wl,--gc-sections -static --specs=nano.specs -mfpu=fpv4-sp-d16 -mfloat-abi=hard -mthumb -Wl,--start-group -lc -lm -Wl,--end-group
Finished building target: ESP_DATA.elf
 
arm-none-eabi-size   ESP_DATA.elf 
arm-none-eabi-objdump -h -S  ESP_DATA.elf  > "ESP_DATA.list"
   text	   data	    bss	    dec	    hex	filename
  16888	    120	   1896	  18904	   49d8	ESP_DATA.elf
Finished building: default.size.stdout
 
Finished building: ESP_DATA.list
 

01:32:38 Build Finished. 0 errors, 0 warnings. (took 1s.50ms)

