13:46:54 **** Incremental Build of configuration Debug for project ssd1306_fsociety ****
make -j12 all 
arm-none-eabi-gcc "../Core/Src/main.c" -mcpu=cortex-m4 -std=gnu11 -g3 -DDEBUG -DUSE_HAL_DRIVER -DSTM32F407xx -c -I../Core/Inc -I../Drivers/STM32F4xx_HAL_Driver/Inc -I../Drivers/STM32F4xx_HAL_Driver/Inc/Legacy -I../Drivers/CMSIS/Device/ST/STM32F4xx/Include -I../Drivers/CMSIS/Include -O0 -ffunction-sections -fdata-sections -Wall -fstack-usage -fcyclomatic-complexity -MMD -MP -MF"Core/Src/main.d" -MT"Core/Src/main.o" --specs=nano.specs -mfpu=fpv4-sp-d16 -mfloat-abi=hard -mthumb -o "Core/Src/main.o"
arm-none-eabi-gcc -o "ssd1306_fsociety.elf" @"objects.list"   -mcpu=cortex-m4 -T"C:\Users\User\STM32CubeIDE\workspace_1.12.1\ssd1306_fsociety\STM32F407VGTX_FLASH.ld" --specs=nosys.specs -Wl,-Map="ssd1306_fsociety.map" -Wl,--gc-sections -static --specs=nano.specs -mfpu=fpv4-sp-d16 -mfloat-abi=hard -mthumb -Wl,--start-group -lc -lm -Wl,--end-group
Finished building target: ssd1306_fsociety.elf
 
arm-none-eabi-size   ssd1306_fsociety.elf 
arm-none-eabi-objdump -h -S  ssd1306_fsociety.elf  > "ssd1306_fsociety.list"
   text	   data	    bss	    dec	    hex	filename
  11144	     20	   2684	  13848	   3618	ssd1306_fsociety.elf
Finished building: default.size.stdout
 
Finished building: ssd1306_fsociety.list
 

13:46:55 Build Finished. 0 errors, 0 warnings. (took 1s.644ms)

