../Core/Src/main.c:75:6:set_gpio_mode	40	static
../Core/Src/main.c:99:6:mDelay	24	static
../Core/Src/main.c:107:9:readDHT11	88	static
../Core/Src/main.c:198:6:HAL_UART_RxCpltCallback	16	static
../Core/Src/main.c:211:5:main	16	static
../Core/Src/main.c:294:6:SystemClock_Config	88	static
../Core/Src/main.c:340:13:MX_TIM4_Init	40	static
../Core/Src/main.c:386:13:MX_USART1_UART_Init	8	static
../Core/Src/main.c:419:13:MX_GPIO_Init	48	static
../Core/Src/main.c:473:6:Error_Handler	4	static,ignoring_inline_asm
